// Jest Snapshot v1, https://goo.gl/fbAQLP

exports[`<Container/> should ensure it match the snapshot 1`] = `
<body>
  <div>
    <div
      class="gmNoRt"
      maxwidth="10"
      padding="10"
    />
  </div>
</body>
`;
