// Jest Snapshot v1, https://goo.gl/fbAQLP

exports[`<RepoList /> should render and match the snapshot 1`] = `
<body>
  <div>
    <div
      class="ant-card ant-card-bordered hDCLWP css-dev-only-do-not-override-6j9yrn"
      data-testid="repo-list"
    >
      <div
        class="ant-card-body"
      >
        <div
          class="ant-skeleton ant-skeleton-active css-dev-only-do-not-override-6j9yrn"
        >
          <div
            class="ant-skeleton-content"
          >
            <h3
              class="ant-skeleton-title"
              style="width: 38%;"
            />
            <ul
              class="ant-skeleton-paragraph"
            >
              <li />
              <li />
              <li
                style="width: 61%;"
              />
            </ul>
          </div>
        </div>
      </div>
    </div>
  </div>
</body>
`;
