// Jest Snapshot v1, https://goo.gl/fbAQLP

exports[`<Clickable /> component tests should render and match the snapshot 1`] = `
<body>
  <div>
    <div
      class="ehRfLr"
      data-testid="clickable"
    >
      <p
        class="ipTudd"
        data-testid="t"
      >
        Repository List
      </p>
    </div>
  </div>
</body>
`;
